This is e-pTeX, Version 3.14159265-p3.8.3-191112-2.6 (utf8.sjis) (TeX Live 2020/W32TeX) (preloaded format=platex 2021.2.20)  23 FEB 2021 12:47
entering extended mode
 restricted \write18 enabled.
 %&-line parsing enabled.
**test
(./test.tex
pLaTeX2e <2020-10-01>+2 (based on LaTeX2e <2020-10-01> patch level 4)
L3 programming layer <2021-02-18>
(c:/texlive/2020/texmf-dist/tex/platex/base/jarticle.cls
Document Class: jarticle 2020/09/30 v1.8f Standard pLaTeX class
\c@@paper=\count178
(c:/texlive/2020/texmf-dist/tex/platex/base/jsize10.clo
File: jsize10.clo 2020/09/30 v1.8f Standard pLaTeX file (size option)
)
\c@part=\count179
\c@section=\count180
\c@subsection=\count181
\c@subsubsection=\count182
\c@paragraph=\count183
\c@subparagraph=\count184
\c@figure=\count185
\c@table=\count186
\abovecaptionskip=\skip47
\belowcaptionskip=\skip48
\symmincho=\mathgroup4
LaTeX Font Info:    Overwriting symbol font `mincho' in version `bold'
(Font)                  JY1/mc/m/n --> JY1/gt/m/n on input line 615.
\toclineskip=\dimen154
\@lnumwidth=\dimen155
\bibindent=\dimen156
\heisei=\count187
) (./simplecid.sty
(c:/texlive/2020/texmf-dist/tex/latex/l3kernel/expl3.sty
Package: expl3 2021-02-18 L3 programming layer (loader) 

(c:/texlive/2020/texmf-dist/tex/latex/l3backend/l3backend-dvips.def
File: l3backend-dvips.def 2021-02-18 L3 backend support: dvips
\l__pdf_internal_box=\box64
\g__pdf_backend_object_int=\count188
\l__pdf_backend_content_box=\box65
\l__pdf_backend_model_box=\box66
\g__pdf_backend_annotation_int=\count189
\g__pdf_backend_link_int=\count190
\g__pdf_backend_link_sf_int=\count191
))
Package: simplecid 2021/2/21 vv0.1 using CID for output letter
\l_sCID_n_int=\count192
\l_sCID_r_int=\count193
\l_sCID_ku_int=\count194
\l_sCID_ten_int=\count195
)
(./test.aux)
\openout1 = `test.aux'.

LaTeX Font Info:    Checking defaults for OML/cmm/m/it on input line 16.
LaTeX Font Info:    ... okay on input line 16.
LaTeX Font Info:    Checking defaults for OMS/cmsy/m/n on input line 16.
LaTeX Font Info:    ... okay on input line 16.
LaTeX Font Info:    Checking defaults for OT1/cmr/m/n on input line 16.
LaTeX Font Info:    ... okay on input line 16.
LaTeX Font Info:    Checking defaults for T1/cmr/m/n on input line 16.
LaTeX Font Info:    ... okay on input line 16.
LaTeX Font Info:    Checking defaults for TS1/cmr/m/n on input line 16.
LaTeX Font Info:    ... okay on input line 16.
LaTeX Font Info:    Checking defaults for OMX/cmex/m/n on input line 16.
LaTeX Font Info:    ... okay on input line 16.
LaTeX Font Info:    Checking defaults for U/cmr/m/n on input line 16.
LaTeX Font Info:    ... okay on input line 16.
LaTeX Font Info:    Checking defaults for JY1/mc/m/n on input line 16.
LaTeX Font Info:    ... okay on input line 16.
LaTeX Font Info:    Checking defaults for JT1/mc/m/n on input line 16.
LaTeX Font Info:    ... okay on input line 16.
LaTeX Font Info:    Font shape `JT1/mc/m/n00' in size <10> not available
(Font)              Font shape `JT1/mc/m/n' tried instead on input line 20.
LaTeX Font Info:    Font shape `JY1/mc/m/n00' will be
(Font)              scaled to size 9.6222pt on input line 20.
LaTeX Font Info:    Font shape `JT1/mc/m/n01' in size <10> not available
(Font)              Font shape `JT1/mc/m/n' tried instead on input line 20.
LaTeX Font Info:    Font shape `JY1/mc/m/n01' will be
(Font)              scaled to size 9.6222pt on input line 20.
LaTeX Font Info:    Font shape `JT1/mc/bx/n' in size <10> not available
(Font)              Font shape `JT1/gt/m/n' tried instead on input line 22.
LaTeX Font Info:    Font shape `JY1/mc/bx/n' in size <10> not available
(Font)              Font shape `JY1/gt/m/n' tried instead on input line 22.
LaTeX Font Info:    Font shape `JT1/mc/bx/n00' in size <10> not available
(Font)              Font shape `JT1/mc/m/n' tried instead on input line 22.
LaTeX Font Info:    Font shape `JY1/mc/bx/n00' will be
(Font)              scaled to size 9.6222pt on input line 22.
LaTeX Font Info:    Font shape `JT1/mc/bx/n01' in size <10> not available
(Font)              Font shape `JT1/mc/m/n' tried instead on input line 22.
LaTeX Font Info:    Font shape `JY1/mc/bx/n01' will be
(Font)              scaled to size 9.6222pt on input line 22.
 [1

] (./test.aux) ) 
Here is how much of TeX's memory you used:
 542 strings out of 479488
 9208 string characters out of 5874794
 302138 words of memory out of 5000000
 18299 multiletter control sequences out of 15000+600000
 407681 words of font info for 49 fonts, out of 8000000 for 9000
 929 hyphenation exceptions out of 8191
 67i,4n,75p,236b,163s stack positions out of 5000i,500n,10000p,200000b,80000s

Output written on test.dvi (1 page, 704 bytes).
